../Core/Src/display_ssd1963.c:6:10:RGB	16	static
../Core/Src/display_ssd1963.c:11:6:Lcd_Write_Cmd	16	static
../Core/Src/display_ssd1963.c:16:6:Lcd_Write_Data	16	static
../Core/Src/display_ssd1963.c:22:6:LCD_Write_DATA	16	static
../Core/Src/display_ssd1963.c:28:6:LCD_Write_COM	16	static
../Core/Src/display_ssd1963.c:33:6:Lcd_SetArea	24	static
../Core/Src/display_ssd1963.c:50:6:Lcd_FillArea	32	static
../Core/Src/display_ssd1963.c:64:6:Lcd_ClearScreen	24	static
../Core/Src/display_ssd1963.c:78:6:Lcd_SetPixel	16	static
../Core/Src/display_ssd1963.c:87:6:Init_SSD1963	8	static
../Core/Src/display_ssd1963.c:305:7:TFT_Send_Cmd	16	static
../Core/Src/display_ssd1963.c:311:6:TFT_Write_Data	16	static
../Core/Src/display_ssd1963.c:316:6:TFT_Set_X	16	static
../Core/Src/display_ssd1963.c:327:6:TFT_Set_Y	16	static
../Core/Src/display_ssd1963.c:338:6:TFT_Set_XY	16	static
../Core/Src/display_ssd1963.c:346:6:TFT_Set_Work_Area	24	static
../Core/Src/display_ssd1963.c:354:6:TFT_Clear_Screen	24	static
../Core/Src/display_ssd1963.c:366:6:TFT_Draw_Char	40	static
../Core/Src/display_ssd1963.c:388:6:TFT_Draw_String	40	static
../Core/Src/display_ssd1963.c:407:6:TFT_Draw_Line	56	static
../Core/Src/display_ssd1963.c:440:6:TFT_Draw_HLine	32	static
../Core/Src/display_ssd1963.c:450:6:TFT_Draw_VLine	32	static
../Core/Src/display_ssd1963.c:460:6:TFT_Draw_Rectangle	32	static
../Core/Src/display_ssd1963.c:469:6:TFT_Draw_Fill_Rectangle	32	static
../Core/Src/display_ssd1963.c:481:6:TFT_Draw_Triangle	32	static
../Core/Src/display_ssd1963.c:491:6:TFT_Draw_Circle	48	static
../Core/Src/display_ssd1963.c:530:6:TFT_Draw_Circle_Helper	48	static
../Core/Src/display_ssd1963.c:567:6:TFT_Draw_Round_Rect	32	static
../Core/Src/display_ssd1963.c:582:6:TFT_Draw_Fill_Circle_Helper	48	static
../Core/Src/display_ssd1963.c:613:6:TFT_Draw_Fill_Round_Rect	32	static
../Core/Src/display_ssd1963.c:623:13:LCD_Char	56	static
../Core/Src/display_ssd1963.c:657:6:LCD_Font	72	static
